Info: Starting: Create simulation model
Info: qsys-generate "C:\Users\gamin\Documents\1Georgia Tech\Senior Design\SpectroNet\fpga\src\Quartus\unnamed.qsys" --simulation=VERILOG --allow-mixed-language-simulation --output-directory="C:\Users\gamin\Documents\1Georgia Tech\Senior Design\SpectroNet\fpga\src\Quartus\fft\simulation" --family="Cyclone V" --part=5CSXFC6D6F31C6
Progress: Loading Quartus/unnamed.qsys
Progress: Reading input file
Progress: Adding fft_ii_0 [altera_fft_ii 23.1]
Progress: Parameterizing module fft_ii_0
Progress: Building connections
Progress: Parameterizing connections
Progress: Validating
Progress: Done reading input file
Info: unnamed.fft_ii_0: Radix-4 digit reverse implied
Info: unnamed: Generating unnamed "unnamed" for SIM_VERILOG
Info: fft_ii_0: --- add file: unnamed_fft_ii_0_twrfp4.hex
Info: fft_ii_0: --- add file: unnamed_fft_ii_0_twqfp1.hex
Info: fft_ii_0: --- add file: unnamed_fft_ii_0_twqfp2.hex
Info: fft_ii_0: --- add file: unnamed_fft_ii_0_twqfp3.hex
Info: fft_ii_0: --- add file: unnamed_fft_ii_0_twqfp4.hex
Info: fft_ii_0: --- add file: unnamed_fft_ii_0_twifp1.hex
Info: fft_ii_0: --- add file: unnamed_fft_ii_0_twifp2.hex
Info: fft_ii_0: --- add file: unnamed_fft_ii_0_twrfp1.hex
Info: fft_ii_0: --- add file: unnamed_fft_ii_0_twrfp2.hex
Info: fft_ii_0: --- add file: unnamed_fft_ii_0_twifp3.hex
Info: fft_ii_0: --- add file: unnamed_fft_ii_0_twrfp3.hex
Info: fft_ii_0: --- add file: unnamed_fft_ii_0_twifp4.hex
Info: fft_ii_0: "unnamed" instantiated altera_fft_ii "fft_ii_0"
Info: unnamed: Done "unnamed" with 2 modules, 172 files
Info: qsys-generate succeeded.
Info: Finished: Create simulation model
Info: Starting: Create Modelsim Project.
Info: sim-script-gen --spd="C:\Users\gamin\Documents\1Georgia Tech\Senior Design\SpectroNet\fpga\src\Quartus\fft\unnamed.spd" --output-directory="C:/Users/gamin/Documents/1Georgia Tech/Senior Design/SpectroNet/fpga/src/Quartus/fft/simulation/" --use-relative-paths=true
Info: Doing: ip-make-simscript --spd=C:\Users\gamin\Documents\1Georgia Tech\Senior Design\SpectroNet\fpga\src\Quartus\fft\unnamed.spd --output-directory=C:/Users/gamin/Documents/1Georgia Tech/Senior Design/SpectroNet/fpga/src/Quartus/fft/simulation/ --use-relative-paths=true
Info: Generating the following file(s) for MODELSIM simulator in C:/Users/gamin/Documents/1Georgia Tech/Senior Design/SpectroNet/fpga/src/Quartus/fft/simulation/ directory:
Info: 	mentor/msim_setup.tcl
Info: Generating the following file(s) for RIVIERA simulator in C:/Users/gamin/Documents/1Georgia Tech/Senior Design/SpectroNet/fpga/src/Quartus/fft/simulation/ directory:
Info: 	aldec/rivierapro_setup.tcl
Info: For information on how to simulate your IP, see the explanatory comments in the simulator-specific subdirectories under C:/Users/gamin/Documents/1Georgia Tech/Senior Design/SpectroNet/fpga/src/Quartus/fft/simulation/.
Info: Regenerate these scripts whenever you make any change to any Quartus-generated IP in your project.
Info: Finished: Create Modelsim Project.
Info: Starting: Create block symbol file (.bsf)
Info: qsys-generate "C:\Users\gamin\Documents\1Georgia Tech\Senior Design\SpectroNet\fpga\src\Quartus\unnamed.qsys" --block-symbol-file --output-directory="C:\Users\gamin\Documents\1Georgia Tech\Senior Design\SpectroNet\fpga\src\Quartus\fft" --family="Cyclone V" --part=5CSXFC6D6F31C6
Progress: Loading Quartus/unnamed.qsys
Progress: Reading input file
Progress: Adding fft_ii_0 [altera_fft_ii 23.1]
Progress: Parameterizing module fft_ii_0
Progress: Building connections
Progress: Parameterizing connections
Progress: Validating
Progress: Done reading input file
Info: unnamed.fft_ii_0: Radix-4 digit reverse implied
Info: qsys-generate succeeded.
Info: Finished: Create block symbol file (.bsf)
Info: 
Info: Starting: Create HDL design files for synthesis
Info: qsys-generate "C:\Users\gamin\Documents\1Georgia Tech\Senior Design\SpectroNet\fpga\src\Quartus\unnamed.qsys" --synthesis=VERILOG --output-directory="C:\Users\gamin\Documents\1Georgia Tech\Senior Design\SpectroNet\fpga\src\Quartus\fft\synthesis" --family="Cyclone V" --part=5CSXFC6D6F31C6
Progress: Loading Quartus/unnamed.qsys
Progress: Reading input file
Progress: Adding fft_ii_0 [altera_fft_ii 23.1]
Progress: Parameterizing module fft_ii_0
Progress: Building connections
Progress: Parameterizing connections
Progress: Validating
Progress: Done reading input file
Info: unnamed.fft_ii_0: Radix-4 digit reverse implied
Info: unnamed: Generating unnamed "unnamed" for QUARTUS_SYNTH
Info: fft_ii_0: --- add file: unnamed_fft_ii_0_twrfp4.hex
Info: fft_ii_0: --- add file: unnamed_fft_ii_0_twqfp1.hex
Info: fft_ii_0: --- add file: unnamed_fft_ii_0_twqfp2.hex
Info: fft_ii_0: --- add file: unnamed_fft_ii_0_twqfp3.hex
Info: fft_ii_0: --- add file: unnamed_fft_ii_0_twqfp4.hex
Info: fft_ii_0: --- add file: unnamed_fft_ii_0_twifp1.hex
Info: fft_ii_0: --- add file: unnamed_fft_ii_0_twifp2.hex
Info: fft_ii_0: --- add file: unnamed_fft_ii_0_twrfp1.hex
Info: fft_ii_0: --- add file: unnamed_fft_ii_0_twrfp2.hex
Info: fft_ii_0: --- add file: unnamed_fft_ii_0_twifp3.hex
Info: fft_ii_0: --- add file: unnamed_fft_ii_0_twrfp3.hex
Info: fft_ii_0: --- add file: unnamed_fft_ii_0_twifp4.hex
Info: fft_ii_0: "unnamed" instantiated altera_fft_ii "fft_ii_0"
Info: unnamed: Done "unnamed" with 2 modules, 70 files
Info: qsys-generate succeeded.
Info: Finished: Create HDL design files for synthesis
