Analysis & Synthesis report for FACE
Sun Feb  9 16:26:30 2025
Quartus Prime Version 23.1std.1 Build 993 05/14/2024 SC Lite Edition


---------------------
; Table of Contents ;
---------------------
  1. Legal Notice
  2. Analysis & Synthesis Summary
  3. Analysis & Synthesis Settings
  4. Parallel Compilation
  5. Analysis & Synthesis IP Cores Summary
  6. Source assignments for adc_interface:inst3|adc_fifo:fifo|dcfifo:dcfifo_component
  7. Source assignments for adc_interface:inst3|adc_fifo:fifo|dcfifo:dcfifo_component|dcfifo_1rk1:auto_generated
  8. Source assignments for adc_interface:inst3|adc_fifo:fifo|dcfifo:dcfifo_component|dcfifo_1rk1:auto_generated|a_graycounter_7g6:rdptr_g1p
  9. Source assignments for adc_interface:inst3|adc_fifo:fifo|dcfifo:dcfifo_component|dcfifo_1rk1:auto_generated|a_graycounter_3ub:wrptr_g1p
 10. Source assignments for adc_interface:inst3|adc_fifo:fifo|dcfifo:dcfifo_component|dcfifo_1rk1:auto_generated|altsyncram_6ia1:fifo_ram
 11. Source assignments for adc_interface:inst3|adc_fifo:fifo|dcfifo:dcfifo_component|dcfifo_1rk1:auto_generated|alt_synch_pipe_b9l:rs_dgwp
 12. Source assignments for adc_interface:inst3|adc_fifo:fifo|dcfifo:dcfifo_component|dcfifo_1rk1:auto_generated|alt_synch_pipe_b9l:rs_dgwp|dffpipe_su8:dffpipe10
 13. Source assignments for adc_interface:inst3|adc_fifo:fifo|dcfifo:dcfifo_component|dcfifo_1rk1:auto_generated|alt_synch_pipe_c9l:ws_dgrp
 14. Source assignments for adc_interface:inst3|adc_fifo:fifo|dcfifo:dcfifo_component|dcfifo_1rk1:auto_generated|alt_synch_pipe_c9l:ws_dgrp|dffpipe_tu8:dffpipe13
 15. Parameter Settings for User Entity Instance: pll_main:inst1|pll_main_0002:pll_main_inst|altera_pll:altera_pll_i
 16. Parameter Settings for User Entity Instance: adc_interface:inst3
 17. Parameter Settings for User Entity Instance: adc_interface:inst3|adc_shiftreg:serialize|lpm_shiftreg:LPM_SHIFTREG_component
 18. Parameter Settings for User Entity Instance: adc_interface:inst3|adc_fifo:fifo|dcfifo:dcfifo_component
 19. Analysis & Synthesis Messages



----------------
; Legal Notice ;
----------------
Copyright (C) 2024  Intel Corporation. All rights reserved.
Your use of Intel Corporation's design tools, logic functions 
and other software and tools, and any partner logic 
functions, and any output files from any of the foregoing 
(including device programming or simulation files), and any 
associated documentation or information are expressly subject 
to the terms and conditions of the Intel Program License 
Subscription Agreement, the Intel Quartus Prime License Agreement,
the Intel FPGA IP License Agreement, or other applicable license
agreement, including, without limitation, that your use is for
the sole purpose of programming logic devices manufactured by
Intel and sold by Intel or its authorized distributors.  Please
refer to the applicable agreement for further details, at
https://fpgasoftware.intel.com/eula.



+------------------------------------------------------------------------------+
; Analysis & Synthesis Summary                                                 ;
+-----------------------------+------------------------------------------------+
; Analysis & Synthesis Status ; Failed - Sun Feb  9 16:26:30 2025              ;
; Quartus Prime Version       ; 23.1std.1 Build 993 05/14/2024 SC Lite Edition ;
; Revision Name               ; FACE                                           ;
; Top-level Entity Name       ; FACE                                           ;
; Family                      ; Cyclone V                                      ;
; Logic utilization (in ALMs) ; N/A until Partition Merge                      ;
; Total registers             ; N/A until Partition Merge                      ;
; Total pins                  ; N/A until Partition Merge                      ;
; Total virtual pins          ; N/A until Partition Merge                      ;
; Total block memory bits     ; N/A until Partition Merge                      ;
; Total PLLs                  ; N/A until Partition Merge                      ;
; Total DLLs                  ; N/A until Partition Merge                      ;
+-----------------------------+------------------------------------------------+


+---------------------------------------------------------------------------------------------------------------------------+
; Analysis & Synthesis Settings                                                                                             ;
+---------------------------------------------------------------------------------+--------------------+--------------------+
; Option                                                                          ; Setting            ; Default Value      ;
+---------------------------------------------------------------------------------+--------------------+--------------------+
; Device                                                                          ; 5CSXFC6D6F31C6     ;                    ;
; Top-level entity name                                                           ; FACE               ; FACE               ;
; Family name                                                                     ; Cyclone V          ; Cyclone V          ;
; Use smart compilation                                                           ; Off                ; Off                ;
; Enable parallel Assembler and Timing Analyzer during compilation                ; On                 ; On                 ;
; Enable compact report table                                                     ; Off                ; Off                ;
; Restructure Multiplexers                                                        ; Auto               ; Auto               ;
; MLAB Add Timing Constraints For Mixed-Port Feed-Through Mode Setting Don't Care ; Off                ; Off                ;
; Create Debugging Nodes for IP Cores                                             ; Off                ; Off                ;
; Preserve fewer node names                                                       ; On                 ; On                 ;
; Intel FPGA IP Evaluation Mode                                                   ; Enable             ; Enable             ;
; Verilog Version                                                                 ; Verilog_2001       ; Verilog_2001       ;
; VHDL Version                                                                    ; VHDL_1993          ; VHDL_1993          ;
; State Machine Processing                                                        ; Auto               ; Auto               ;
; Safe State Machine                                                              ; Off                ; Off                ;
; Extract Verilog State Machines                                                  ; On                 ; On                 ;
; Extract VHDL State Machines                                                     ; On                 ; On                 ;
; Ignore Verilog initial constructs                                               ; Off                ; Off                ;
; Iteration limit for constant Verilog loops                                      ; 5000               ; 5000               ;
; Iteration limit for non-constant Verilog loops                                  ; 250                ; 250                ;
; Add Pass-Through Logic to Inferred RAMs                                         ; On                 ; On                 ;
; Infer RAMs from Raw Logic                                                       ; On                 ; On                 ;
; Parallel Synthesis                                                              ; On                 ; On                 ;
; DSP Block Balancing                                                             ; Auto               ; Auto               ;
; NOT Gate Push-Back                                                              ; On                 ; On                 ;
; Power-Up Don't Care                                                             ; On                 ; On                 ;
; Remove Redundant Logic Cells                                                    ; Off                ; Off                ;
; Remove Duplicate Registers                                                      ; On                 ; On                 ;
; Ignore CARRY Buffers                                                            ; Off                ; Off                ;
; Ignore CASCADE Buffers                                                          ; Off                ; Off                ;
; Ignore GLOBAL Buffers                                                           ; Off                ; Off                ;
; Ignore ROW GLOBAL Buffers                                                       ; Off                ; Off                ;
; Ignore LCELL Buffers                                                            ; Off                ; Off                ;
; Ignore SOFT Buffers                                                             ; On                 ; On                 ;
; Limit AHDL Integers to 32 Bits                                                  ; Off                ; Off                ;
; Optimization Technique                                                          ; Balanced           ; Balanced           ;
; Carry Chain Length                                                              ; 70                 ; 70                 ;
; Auto Carry Chains                                                               ; On                 ; On                 ;
; Auto Open-Drain Pins                                                            ; On                 ; On                 ;
; Perform WYSIWYG Primitive Resynthesis                                           ; Off                ; Off                ;
; Auto ROM Replacement                                                            ; On                 ; On                 ;
; Auto RAM Replacement                                                            ; On                 ; On                 ;
; Auto DSP Block Replacement                                                      ; On                 ; On                 ;
; Auto Shift Register Replacement                                                 ; Auto               ; Auto               ;
; Allow Shift Register Merging across Hierarchies                                 ; Auto               ; Auto               ;
; Auto Clock Enable Replacement                                                   ; On                 ; On                 ;
; Strict RAM Replacement                                                          ; Off                ; Off                ;
; Allow Synchronous Control Signals                                               ; On                 ; On                 ;
; Force Use of Synchronous Clear Signals                                          ; Off                ; Off                ;
; Auto Resource Sharing                                                           ; Off                ; Off                ;
; Allow Any RAM Size For Recognition                                              ; Off                ; Off                ;
; Allow Any ROM Size For Recognition                                              ; Off                ; Off                ;
; Allow Any Shift Register Size For Recognition                                   ; Off                ; Off                ;
; Use LogicLock Constraints during Resource Balancing                             ; On                 ; On                 ;
; Ignore translate_off and synthesis_off directives                               ; Off                ; Off                ;
; Timing-Driven Synthesis                                                         ; On                 ; On                 ;
; Report Parameter Settings                                                       ; On                 ; On                 ;
; Report Source Assignments                                                       ; On                 ; On                 ;
; Report Connectivity Checks                                                      ; On                 ; On                 ;
; Ignore Maximum Fan-Out Assignments                                              ; Off                ; Off                ;
; Synchronization Register Chain Length                                           ; 3                  ; 3                  ;
; Power Optimization During Synthesis                                             ; Normal compilation ; Normal compilation ;
; HDL message level                                                               ; Level2             ; Level2             ;
; Suppress Register Optimization Related Messages                                 ; Off                ; Off                ;
; Number of Removed Registers Reported in Synthesis Report                        ; 5000               ; 5000               ;
; Number of Swept Nodes Reported in Synthesis Report                              ; 5000               ; 5000               ;
; Number of Inverted Registers Reported in Synthesis Report                       ; 100                ; 100                ;
; Clock MUX Protection                                                            ; On                 ; On                 ;
; Auto Gated Clock Conversion                                                     ; Off                ; Off                ;
; Block Design Naming                                                             ; Auto               ; Auto               ;
; SDC constraint protection                                                       ; Off                ; Off                ;
; Synthesis Effort                                                                ; Auto               ; Auto               ;
; Shift Register Replacement - Allow Asynchronous Clear Signal                    ; On                 ; On                 ;
; Pre-Mapping Resynthesis Optimization                                            ; Off                ; Off                ;
; Analysis & Synthesis Message Level                                              ; Medium             ; Medium             ;
; Disable Register Merging Across Hierarchies                                     ; Auto               ; Auto               ;
; Resource Aware Inference For Block RAM                                          ; On                 ; On                 ;
; Automatic Parallel Synthesis                                                    ; On                 ; On                 ;
; Partial Reconfiguration Bitstream ID                                            ; Off                ; Off                ;
+---------------------------------------------------------------------------------+--------------------+--------------------+


+------------------------------------------+
; Parallel Compilation                     ;
+----------------------------+-------------+
; Processors                 ; Number      ;
+----------------------------+-------------+
; Number detected on machine ; 16          ;
; Maximum allowed            ; 16          ;
;                            ;             ;
; Average used               ; 1.00        ;
; Maximum used               ; 1           ;
;                            ;             ;
; Usage by Processor         ; % Time Used ;
;     Processor 1            ; 100.0%      ;
+----------------------------+-------------+


+------------------------------------------------------------------------------------------------------------------------------------+
; Analysis & Synthesis IP Cores Summary                                                                                              ;
+--------+--------------+---------+--------------+--------------+--------------------------------------------------+-----------------+
; Vendor ; IP Core Name ; Version ; Release Date ; License Type ; Entity Instance                                  ; IP Include File ;
+--------+--------------+---------+--------------+--------------+--------------------------------------------------+-----------------+
; Altera ; altera_pll   ; 23.1    ; N/A          ; N/A          ; |FACE|pll_main:inst1                             ; pll_main.v      ;
; Altera ; FIFO         ; 23.1    ; N/A          ; N/A          ; |FACE|adc_interface:inst3|adc_fifo:fifo          ; adc_fifo.v      ;
; Altera ; LPM_SHIFTREG ; 23.1    ; N/A          ; N/A          ; |FACE|adc_interface:inst3|adc_shiftreg:serialize ; adc_shiftreg.v  ;
+--------+--------------+---------+--------------+--------------+--------------------------------------------------+-----------------+


+----------------------------------------------------------------------------------+
; Source assignments for adc_interface:inst3|adc_fifo:fifo|dcfifo:dcfifo_component ;
+---------------------------------+-------+------+---------------------------------+
; Assignment                      ; Value ; From ; To                              ;
+---------------------------------+-------+------+---------------------------------+
; AUTO_SHIFT_REGISTER_RECOGNITION ; OFF   ; -    ; -                               ;
+---------------------------------+-------+------+---------------------------------+


+-------------------------------------------------------------------------------------------------------------+
; Source assignments for adc_interface:inst3|adc_fifo:fifo|dcfifo:dcfifo_component|dcfifo_1rk1:auto_generated ;
+---------------------------------------+-------+------+------------------------------------------------------+
; Assignment                            ; Value ; From ; To                                                   ;
+---------------------------------------+-------+------+------------------------------------------------------+
; AUTO_SHIFT_REGISTER_RECOGNITION       ; OFF   ; -    ; -                                                    ;
; REMOVE_DUPLICATE_REGISTERS            ; OFF   ; -    ; -                                                    ;
; SYNCHRONIZER_IDENTIFICATION           ; OFF   ; -    ; -                                                    ;
; SYNCHRONIZATION_REGISTER_CHAIN_LENGTH ; 2     ; -    ; -                                                    ;
; POWER_UP_LEVEL                        ; LOW   ; -    ; wrptr_g                                              ;
+---------------------------------------+-------+------+------------------------------------------------------+


+-----------------------------------------------------------------------------------------------------------------------------------------+
; Source assignments for adc_interface:inst3|adc_fifo:fifo|dcfifo:dcfifo_component|dcfifo_1rk1:auto_generated|a_graycounter_7g6:rdptr_g1p ;
+----------------+-------+------+---------------------------------------------------------------------------------------------------------+
; Assignment     ; Value ; From ; To                                                                                                      ;
+----------------+-------+------+---------------------------------------------------------------------------------------------------------+
; POWER_UP_LEVEL ; HIGH  ; -    ; counter5a0                                                                                              ;
; POWER_UP_LEVEL ; LOW   ; -    ; parity6                                                                                                 ;
+----------------+-------+------+---------------------------------------------------------------------------------------------------------+


+-----------------------------------------------------------------------------------------------------------------------------------------+
; Source assignments for adc_interface:inst3|adc_fifo:fifo|dcfifo:dcfifo_component|dcfifo_1rk1:auto_generated|a_graycounter_3ub:wrptr_g1p ;
+----------------+-------+------+---------------------------------------------------------------------------------------------------------+
; Assignment     ; Value ; From ; To                                                                                                      ;
+----------------+-------+------+---------------------------------------------------------------------------------------------------------+
; POWER_UP_LEVEL ; HIGH  ; -    ; counter7a0                                                                                              ;
; POWER_UP_LEVEL ; LOW   ; -    ; parity8                                                                                                 ;
+----------------+-------+------+---------------------------------------------------------------------------------------------------------+


+--------------------------------------------------------------------------------------------------------------------------------------+
; Source assignments for adc_interface:inst3|adc_fifo:fifo|dcfifo:dcfifo_component|dcfifo_1rk1:auto_generated|altsyncram_6ia1:fifo_ram ;
+---------------------------------+--------------------+------+------------------------------------------------------------------------+
; Assignment                      ; Value              ; From ; To                                                                     ;
+---------------------------------+--------------------+------+------------------------------------------------------------------------+
; OPTIMIZE_POWER_DURING_SYNTHESIS ; NORMAL_COMPILATION ; -    ; -                                                                      ;
+---------------------------------+--------------------+------+------------------------------------------------------------------------+


+----------------------------------------------------------------------------------------------------------------------------------------+
; Source assignments for adc_interface:inst3|adc_fifo:fifo|dcfifo:dcfifo_component|dcfifo_1rk1:auto_generated|alt_synch_pipe_b9l:rs_dgwp ;
+-----------------------------+------------------------+------+--------------------------------------------------------------------------+
; Assignment                  ; Value                  ; From ; To                                                                       ;
+-----------------------------+------------------------+------+--------------------------------------------------------------------------+
; X_ON_VIOLATION_OPTION       ; OFF                    ; -    ; -                                                                        ;
; SYNCHRONIZER_IDENTIFICATION ; FORCED_IF_ASYNCHRONOUS ; -    ; -                                                                        ;
; PRESERVE_REGISTER           ; ON                     ; -    ; -                                                                        ;
; DONT_MERGE_REGISTER         ; ON                     ; -    ; -                                                                        ;
; ADV_NETLIST_OPT_ALLOWED     ; NEVER_ALLOW            ; -    ; -                                                                        ;
+-----------------------------+------------------------+------+--------------------------------------------------------------------------+


+--------------------------------------------------------------------------------------------------------------------------------------------------------------+
; Source assignments for adc_interface:inst3|adc_fifo:fifo|dcfifo:dcfifo_component|dcfifo_1rk1:auto_generated|alt_synch_pipe_b9l:rs_dgwp|dffpipe_su8:dffpipe10 ;
+---------------------------------+-------+------+-------------------------------------------------------------------------------------------------------------+
; Assignment                      ; Value ; From ; To                                                                                                          ;
+---------------------------------+-------+------+-------------------------------------------------------------------------------------------------------------+
; AUTO_SHIFT_REGISTER_RECOGNITION ; OFF   ; -    ; -                                                                                                           ;
+---------------------------------+-------+------+-------------------------------------------------------------------------------------------------------------+


+----------------------------------------------------------------------------------------------------------------------------------------+
; Source assignments for adc_interface:inst3|adc_fifo:fifo|dcfifo:dcfifo_component|dcfifo_1rk1:auto_generated|alt_synch_pipe_c9l:ws_dgrp ;
+-----------------------------+------------------------+------+--------------------------------------------------------------------------+
; Assignment                  ; Value                  ; From ; To                                                                       ;
+-----------------------------+------------------------+------+--------------------------------------------------------------------------+
; X_ON_VIOLATION_OPTION       ; OFF                    ; -    ; -                                                                        ;
; SYNCHRONIZER_IDENTIFICATION ; FORCED_IF_ASYNCHRONOUS ; -    ; -                                                                        ;
; PRESERVE_REGISTER           ; ON                     ; -    ; -                                                                        ;
; DONT_MERGE_REGISTER         ; ON                     ; -    ; -                                                                        ;
; ADV_NETLIST_OPT_ALLOWED     ; NEVER_ALLOW            ; -    ; -                                                                        ;
+-----------------------------+------------------------+------+--------------------------------------------------------------------------+


+--------------------------------------------------------------------------------------------------------------------------------------------------------------+
; Source assignments for adc_interface:inst3|adc_fifo:fifo|dcfifo:dcfifo_component|dcfifo_1rk1:auto_generated|alt_synch_pipe_c9l:ws_dgrp|dffpipe_tu8:dffpipe13 ;
+---------------------------------+-------+------+-------------------------------------------------------------------------------------------------------------+
; Assignment                      ; Value ; From ; To                                                                                                          ;
+---------------------------------+-------+------+-------------------------------------------------------------------------------------------------------------+
; AUTO_SHIFT_REGISTER_RECOGNITION ; OFF   ; -    ; -                                                                                                           ;
+---------------------------------+-------+------+-------------------------------------------------------------------------------------------------------------+


+-----------------------------------------------------------------------------------------------------------------+
; Parameter Settings for User Entity Instance: pll_main:inst1|pll_main_0002:pll_main_inst|altera_pll:altera_pll_i ;
+--------------------------------------+------------------------+-------------------------------------------------+
; Parameter Name                       ; Value                  ; Type                                            ;
+--------------------------------------+------------------------+-------------------------------------------------+
; reference_clock_frequency            ; 100.0 MHz              ; String                                          ;
; fractional_vco_multiplier            ; false                  ; String                                          ;
; pll_type                             ; General                ; String                                          ;
; pll_subtype                          ; General                ; String                                          ;
; number_of_clocks                     ; 2                      ; Signed Integer                                  ;
; operation_mode                       ; direct                 ; String                                          ;
; deserialization_factor               ; 4                      ; Signed Integer                                  ;
; data_rate                            ; 0                      ; Signed Integer                                  ;
; sim_additional_refclk_cycles_to_lock ; 0                      ; Signed Integer                                  ;
; output_clock_frequency0              ; 100.000000 MHz         ; String                                          ;
; phase_shift0                         ; 0 ps                   ; String                                          ;
; duty_cycle0                          ; 50                     ; Signed Integer                                  ;
; output_clock_frequency1              ; 100.000000 MHz         ; String                                          ;
; phase_shift1                         ; 0 ps                   ; String                                          ;
; duty_cycle1                          ; 50                     ; Signed Integer                                  ;
; output_clock_frequency2              ; 0 MHz                  ; String                                          ;
; phase_shift2                         ; 0 ps                   ; String                                          ;
; duty_cycle2                          ; 50                     ; Signed Integer                                  ;
; output_clock_frequency3              ; 0 MHz                  ; String                                          ;
; phase_shift3                         ; 0 ps                   ; String                                          ;
; duty_cycle3                          ; 50                     ; Signed Integer                                  ;
; output_clock_frequency4              ; 0 MHz                  ; String                                          ;
; phase_shift4                         ; 0 ps                   ; String                                          ;
; duty_cycle4                          ; 50                     ; Signed Integer                                  ;
; output_clock_frequency5              ; 0 MHz                  ; String                                          ;
; phase_shift5                         ; 0 ps                   ; String                                          ;
; duty_cycle5                          ; 50                     ; Signed Integer                                  ;
; output_clock_frequency6              ; 0 MHz                  ; String                                          ;
; phase_shift6                         ; 0 ps                   ; String                                          ;
; duty_cycle6                          ; 50                     ; Signed Integer                                  ;
; output_clock_frequency7              ; 0 MHz                  ; String                                          ;
; phase_shift7                         ; 0 ps                   ; String                                          ;
; duty_cycle7                          ; 50                     ; Signed Integer                                  ;
; output_clock_frequency8              ; 0 MHz                  ; String                                          ;
; phase_shift8                         ; 0 ps                   ; String                                          ;
; duty_cycle8                          ; 50                     ; Signed Integer                                  ;
; output_clock_frequency9              ; 0 MHz                  ; String                                          ;
; phase_shift9                         ; 0 ps                   ; String                                          ;
; duty_cycle9                          ; 50                     ; Signed Integer                                  ;
; output_clock_frequency10             ; 0 MHz                  ; String                                          ;
; phase_shift10                        ; 0 ps                   ; String                                          ;
; duty_cycle10                         ; 50                     ; Signed Integer                                  ;
; output_clock_frequency11             ; 0 MHz                  ; String                                          ;
; phase_shift11                        ; 0 ps                   ; String                                          ;
; duty_cycle11                         ; 50                     ; Signed Integer                                  ;
; output_clock_frequency12             ; 0 MHz                  ; String                                          ;
; phase_shift12                        ; 0 ps                   ; String                                          ;
; duty_cycle12                         ; 50                     ; Signed Integer                                  ;
; output_clock_frequency13             ; 0 MHz                  ; String                                          ;
; phase_shift13                        ; 0 ps                   ; String                                          ;
; duty_cycle13                         ; 50                     ; Signed Integer                                  ;
; output_clock_frequency14             ; 0 MHz                  ; String                                          ;
; phase_shift14                        ; 0 ps                   ; String                                          ;
; duty_cycle14                         ; 50                     ; Signed Integer                                  ;
; output_clock_frequency15             ; 0 MHz                  ; String                                          ;
; phase_shift15                        ; 0 ps                   ; String                                          ;
; duty_cycle15                         ; 50                     ; Signed Integer                                  ;
; output_clock_frequency16             ; 0 MHz                  ; String                                          ;
; phase_shift16                        ; 0 ps                   ; String                                          ;
; duty_cycle16                         ; 50                     ; Signed Integer                                  ;
; output_clock_frequency17             ; 0 MHz                  ; String                                          ;
; phase_shift17                        ; 0 ps                   ; String                                          ;
; duty_cycle17                         ; 50                     ; Signed Integer                                  ;
; clock_name_0                         ;                        ; String                                          ;
; clock_name_1                         ;                        ; String                                          ;
; clock_name_2                         ;                        ; String                                          ;
; clock_name_3                         ;                        ; String                                          ;
; clock_name_4                         ;                        ; String                                          ;
; clock_name_5                         ;                        ; String                                          ;
; clock_name_6                         ;                        ; String                                          ;
; clock_name_7                         ;                        ; String                                          ;
; clock_name_8                         ;                        ; String                                          ;
; clock_name_global_0                  ; false                  ; String                                          ;
; clock_name_global_1                  ; false                  ; String                                          ;
; clock_name_global_2                  ; false                  ; String                                          ;
; clock_name_global_3                  ; false                  ; String                                          ;
; clock_name_global_4                  ; false                  ; String                                          ;
; clock_name_global_5                  ; false                  ; String                                          ;
; clock_name_global_6                  ; false                  ; String                                          ;
; clock_name_global_7                  ; false                  ; String                                          ;
; clock_name_global_8                  ; false                  ; String                                          ;
; m_cnt_hi_div                         ; 1                      ; Signed Integer                                  ;
; m_cnt_lo_div                         ; 1                      ; Signed Integer                                  ;
; m_cnt_bypass_en                      ; false                  ; String                                          ;
; m_cnt_odd_div_duty_en                ; false                  ; String                                          ;
; n_cnt_hi_div                         ; 1                      ; Signed Integer                                  ;
; n_cnt_lo_div                         ; 1                      ; Signed Integer                                  ;
; n_cnt_bypass_en                      ; false                  ; String                                          ;
; n_cnt_odd_div_duty_en                ; false                  ; String                                          ;
; c_cnt_hi_div0                        ; 1                      ; Signed Integer                                  ;
; c_cnt_lo_div0                        ; 1                      ; Signed Integer                                  ;
; c_cnt_bypass_en0                     ; false                  ; String                                          ;
; c_cnt_in_src0                        ; ph_mux_clk             ; String                                          ;
; c_cnt_odd_div_duty_en0               ; false                  ; String                                          ;
; c_cnt_prst0                          ; 1                      ; Signed Integer                                  ;
; c_cnt_ph_mux_prst0                   ; 0                      ; Signed Integer                                  ;
; c_cnt_hi_div1                        ; 1                      ; Signed Integer                                  ;
; c_cnt_lo_div1                        ; 1                      ; Signed Integer                                  ;
; c_cnt_bypass_en1                     ; false                  ; String                                          ;
; c_cnt_in_src1                        ; ph_mux_clk             ; String                                          ;
; c_cnt_odd_div_duty_en1               ; false                  ; String                                          ;
; c_cnt_prst1                          ; 1                      ; Signed Integer                                  ;
; c_cnt_ph_mux_prst1                   ; 0                      ; Signed Integer                                  ;
; c_cnt_hi_div2                        ; 1                      ; Signed Integer                                  ;
; c_cnt_lo_div2                        ; 1                      ; Signed Integer                                  ;
; c_cnt_bypass_en2                     ; false                  ; String                                          ;
; c_cnt_in_src2                        ; ph_mux_clk             ; String                                          ;
; c_cnt_odd_div_duty_en2               ; false                  ; String                                          ;
; c_cnt_prst2                          ; 1                      ; Signed Integer                                  ;
; c_cnt_ph_mux_prst2                   ; 0                      ; Signed Integer                                  ;
; c_cnt_hi_div3                        ; 1                      ; Signed Integer                                  ;
; c_cnt_lo_div3                        ; 1                      ; Signed Integer                                  ;
; c_cnt_bypass_en3                     ; false                  ; String                                          ;
; c_cnt_in_src3                        ; ph_mux_clk             ; String                                          ;
; c_cnt_odd_div_duty_en3               ; false                  ; String                                          ;
; c_cnt_prst3                          ; 1                      ; Signed Integer                                  ;
; c_cnt_ph_mux_prst3                   ; 0                      ; Signed Integer                                  ;
; c_cnt_hi_div4                        ; 1                      ; Signed Integer                                  ;
; c_cnt_lo_div4                        ; 1                      ; Signed Integer                                  ;
; c_cnt_bypass_en4                     ; false                  ; String                                          ;
; c_cnt_in_src4                        ; ph_mux_clk             ; String                                          ;
; c_cnt_odd_div_duty_en4               ; false                  ; String                                          ;
; c_cnt_prst4                          ; 1                      ; Signed Integer                                  ;
; c_cnt_ph_mux_prst4                   ; 0                      ; Signed Integer                                  ;
; c_cnt_hi_div5                        ; 1                      ; Signed Integer                                  ;
; c_cnt_lo_div5                        ; 1                      ; Signed Integer                                  ;
; c_cnt_bypass_en5                     ; false                  ; String                                          ;
; c_cnt_in_src5                        ; ph_mux_clk             ; String                                          ;
; c_cnt_odd_div_duty_en5               ; false                  ; String                                          ;
; c_cnt_prst5                          ; 1                      ; Signed Integer                                  ;
; c_cnt_ph_mux_prst5                   ; 0                      ; Signed Integer                                  ;
; c_cnt_hi_div6                        ; 1                      ; Signed Integer                                  ;
; c_cnt_lo_div6                        ; 1                      ; Signed Integer                                  ;
; c_cnt_bypass_en6                     ; false                  ; String                                          ;
; c_cnt_in_src6                        ; ph_mux_clk             ; String                                          ;
; c_cnt_odd_div_duty_en6               ; false                  ; String                                          ;
; c_cnt_prst6                          ; 1                      ; Signed Integer                                  ;
; c_cnt_ph_mux_prst6                   ; 0                      ; Signed Integer                                  ;
; c_cnt_hi_div7                        ; 1                      ; Signed Integer                                  ;
; c_cnt_lo_div7                        ; 1                      ; Signed Integer                                  ;
; c_cnt_bypass_en7                     ; false                  ; String                                          ;
; c_cnt_in_src7                        ; ph_mux_clk             ; String                                          ;
; c_cnt_odd_div_duty_en7               ; false                  ; String                                          ;
; c_cnt_prst7                          ; 1                      ; Signed Integer                                  ;
; c_cnt_ph_mux_prst7                   ; 0                      ; Signed Integer                                  ;
; c_cnt_hi_div8                        ; 1                      ; Signed Integer                                  ;
; c_cnt_lo_div8                        ; 1                      ; Signed Integer                                  ;
; c_cnt_bypass_en8                     ; false                  ; String                                          ;
; c_cnt_in_src8                        ; ph_mux_clk             ; String                                          ;
; c_cnt_odd_div_duty_en8               ; false                  ; String                                          ;
; c_cnt_prst8                          ; 1                      ; Signed Integer                                  ;
; c_cnt_ph_mux_prst8                   ; 0                      ; Signed Integer                                  ;
; c_cnt_hi_div9                        ; 1                      ; Signed Integer                                  ;
; c_cnt_lo_div9                        ; 1                      ; Signed Integer                                  ;
; c_cnt_bypass_en9                     ; false                  ; String                                          ;
; c_cnt_in_src9                        ; ph_mux_clk             ; String                                          ;
; c_cnt_odd_div_duty_en9               ; false                  ; String                                          ;
; c_cnt_prst9                          ; 1                      ; Signed Integer                                  ;
; c_cnt_ph_mux_prst9                   ; 0                      ; Signed Integer                                  ;
; c_cnt_hi_div10                       ; 1                      ; Signed Integer                                  ;
; c_cnt_lo_div10                       ; 1                      ; Signed Integer                                  ;
; c_cnt_bypass_en10                    ; false                  ; String                                          ;
; c_cnt_in_src10                       ; ph_mux_clk             ; String                                          ;
; c_cnt_odd_div_duty_en10              ; false                  ; String                                          ;
; c_cnt_prst10                         ; 1                      ; Signed Integer                                  ;
; c_cnt_ph_mux_prst10                  ; 0                      ; Signed Integer                                  ;
; c_cnt_hi_div11                       ; 1                      ; Signed Integer                                  ;
; c_cnt_lo_div11                       ; 1                      ; Signed Integer                                  ;
; c_cnt_bypass_en11                    ; false                  ; String                                          ;
; c_cnt_in_src11                       ; ph_mux_clk             ; String                                          ;
; c_cnt_odd_div_duty_en11              ; false                  ; String                                          ;
; c_cnt_prst11                         ; 1                      ; Signed Integer                                  ;
; c_cnt_ph_mux_prst11                  ; 0                      ; Signed Integer                                  ;
; c_cnt_hi_div12                       ; 1                      ; Signed Integer                                  ;
; c_cnt_lo_div12                       ; 1                      ; Signed Integer                                  ;
; c_cnt_bypass_en12                    ; false                  ; String                                          ;
; c_cnt_in_src12                       ; ph_mux_clk             ; String                                          ;
; c_cnt_odd_div_duty_en12              ; false                  ; String                                          ;
; c_cnt_prst12                         ; 1                      ; Signed Integer                                  ;
; c_cnt_ph_mux_prst12                  ; 0                      ; Signed Integer                                  ;
; c_cnt_hi_div13                       ; 1                      ; Signed Integer                                  ;
; c_cnt_lo_div13                       ; 1                      ; Signed Integer                                  ;
; c_cnt_bypass_en13                    ; false                  ; String                                          ;
; c_cnt_in_src13                       ; ph_mux_clk             ; String                                          ;
; c_cnt_odd_div_duty_en13              ; false                  ; String                                          ;
; c_cnt_prst13                         ; 1                      ; Signed Integer                                  ;
; c_cnt_ph_mux_prst13                  ; 0                      ; Signed Integer                                  ;
; c_cnt_hi_div14                       ; 1                      ; Signed Integer                                  ;
; c_cnt_lo_div14                       ; 1                      ; Signed Integer                                  ;
; c_cnt_bypass_en14                    ; false                  ; String                                          ;
; c_cnt_in_src14                       ; ph_mux_clk             ; String                                          ;
; c_cnt_odd_div_duty_en14              ; false                  ; String                                          ;
; c_cnt_prst14                         ; 1                      ; Signed Integer                                  ;
; c_cnt_ph_mux_prst14                  ; 0                      ; Signed Integer                                  ;
; c_cnt_hi_div15                       ; 1                      ; Signed Integer                                  ;
; c_cnt_lo_div15                       ; 1                      ; Signed Integer                                  ;
; c_cnt_bypass_en15                    ; false                  ; String                                          ;
; c_cnt_in_src15                       ; ph_mux_clk             ; String                                          ;
; c_cnt_odd_div_duty_en15              ; false                  ; String                                          ;
; c_cnt_prst15                         ; 1                      ; Signed Integer                                  ;
; c_cnt_ph_mux_prst15                  ; 0                      ; Signed Integer                                  ;
; c_cnt_hi_div16                       ; 1                      ; Signed Integer                                  ;
; c_cnt_lo_div16                       ; 1                      ; Signed Integer                                  ;
; c_cnt_bypass_en16                    ; false                  ; String                                          ;
; c_cnt_in_src16                       ; ph_mux_clk             ; String                                          ;
; c_cnt_odd_div_duty_en16              ; false                  ; String                                          ;
; c_cnt_prst16                         ; 1                      ; Signed Integer                                  ;
; c_cnt_ph_mux_prst16                  ; 0                      ; Signed Integer                                  ;
; c_cnt_hi_div17                       ; 1                      ; Signed Integer                                  ;
; c_cnt_lo_div17                       ; 1                      ; Signed Integer                                  ;
; c_cnt_bypass_en17                    ; false                  ; String                                          ;
; c_cnt_in_src17                       ; ph_mux_clk             ; String                                          ;
; c_cnt_odd_div_duty_en17              ; false                  ; String                                          ;
; c_cnt_prst17                         ; 1                      ; Signed Integer                                  ;
; c_cnt_ph_mux_prst17                  ; 0                      ; Signed Integer                                  ;
; pll_vco_div                          ; 1                      ; Signed Integer                                  ;
; pll_slf_rst                          ; false                  ; String                                          ;
; pll_bw_sel                           ; low                    ; String                                          ;
; pll_output_clk_frequency             ; 0 MHz                  ; String                                          ;
; pll_cp_current                       ; 0                      ; Signed Integer                                  ;
; pll_bwctrl                           ; 0                      ; Signed Integer                                  ;
; pll_fractional_division              ; 1                      ; Signed Integer                                  ;
; pll_fractional_cout                  ; 24                     ; Signed Integer                                  ;
; pll_dsm_out_sel                      ; 1st_order              ; String                                          ;
; mimic_fbclk_type                     ; gclk                   ; String                                          ;
; pll_fbclk_mux_1                      ; glb                    ; String                                          ;
; pll_fbclk_mux_2                      ; fb_1                   ; String                                          ;
; pll_m_cnt_in_src                     ; ph_mux_clk             ; String                                          ;
; pll_vcoph_div                        ; 1                      ; Signed Integer                                  ;
; refclk1_frequency                    ; 0 MHz                  ; String                                          ;
; pll_clkin_0_src                      ; clk_0                  ; String                                          ;
; pll_clkin_1_src                      ; clk_0                  ; String                                          ;
; pll_clk_loss_sw_en                   ; false                  ; String                                          ;
; pll_auto_clk_sw_en                   ; false                  ; String                                          ;
; pll_manu_clk_sw_en                   ; false                  ; String                                          ;
; pll_clk_sw_dly                       ; 0                      ; Signed Integer                                  ;
; pll_extclk_0_cnt_src                 ; pll_extclk_cnt_src_vss ; String                                          ;
; pll_extclk_1_cnt_src                 ; pll_extclk_cnt_src_vss ; String                                          ;
+--------------------------------------+------------------------+-------------------------------------------------+
Note: In order to hide this table in the UI and the text report file, please set the "Show Parameter Settings in Synthesis Report" option in "Analysis and Synthesis Settings -> More Settings" to "Off".


+------------------------------------------------------------------+
; Parameter Settings for User Entity Instance: adc_interface:inst3 ;
+----------------+-------+-----------------------------------------+
; Parameter Name ; Value ; Type                                    ;
+----------------+-------+-----------------------------------------+
; ADC_WIDTH      ; 16    ; Signed Integer                          ;
+----------------+-------+-----------------------------------------+
Note: In order to hide this table in the UI and the text report file, please set the "Show Parameter Settings in Synthesis Report" option in "Analysis and Synthesis Settings -> More Settings" to "Off".


+-----------------------------------------------------------------------------------------------------------------------------+
; Parameter Settings for User Entity Instance: adc_interface:inst3|adc_shiftreg:serialize|lpm_shiftreg:LPM_SHIFTREG_component ;
+------------------------+-----------+----------------------------------------------------------------------------------------+
; Parameter Name         ; Value     ; Type                                                                                   ;
+------------------------+-----------+----------------------------------------------------------------------------------------+
; LPM_WIDTH              ; 16        ; Signed Integer                                                                         ;
; LPM_DIRECTION          ; LEFT      ; Untyped                                                                                ;
; LPM_AVALUE             ; UNUSED    ; Untyped                                                                                ;
; LPM_SVALUE             ; UNUSED    ; Untyped                                                                                ;
; DEVICE_FAMILY          ; Cyclone V ; Untyped                                                                                ;
; AUTO_CARRY_CHAINS      ; ON        ; AUTO_CARRY                                                                             ;
; IGNORE_CARRY_BUFFERS   ; OFF       ; IGNORE_CARRY                                                                           ;
; AUTO_CASCADE_CHAINS    ; ON        ; AUTO_CASCADE                                                                           ;
; IGNORE_CASCADE_BUFFERS ; OFF       ; IGNORE_CASCADE                                                                         ;
+------------------------+-----------+----------------------------------------------------------------------------------------+
Note: In order to hide this table in the UI and the text report file, please set the "Show Parameter Settings in Synthesis Report" option in "Analysis and Synthesis Settings -> More Settings" to "Off".


+--------------------------------------------------------------------------------------------------------+
; Parameter Settings for User Entity Instance: adc_interface:inst3|adc_fifo:fifo|dcfifo:dcfifo_component ;
+-------------------------+-------------+----------------------------------------------------------------+
; Parameter Name          ; Value       ; Type                                                           ;
+-------------------------+-------------+----------------------------------------------------------------+
; WIDTH_BYTEENA           ; 1           ; Untyped                                                        ;
; AUTO_CARRY_CHAINS       ; ON          ; AUTO_CARRY                                                     ;
; IGNORE_CARRY_BUFFERS    ; OFF         ; IGNORE_CARRY                                                   ;
; AUTO_CASCADE_CHAINS     ; ON          ; AUTO_CASCADE                                                   ;
; IGNORE_CASCADE_BUFFERS  ; OFF         ; IGNORE_CASCADE                                                 ;
; LPM_WIDTH               ; 16          ; Signed Integer                                                 ;
; LPM_NUMWORDS            ; 4           ; Signed Integer                                                 ;
; LPM_WIDTHU              ; 2           ; Signed Integer                                                 ;
; LPM_SHOWAHEAD           ; OFF         ; Untyped                                                        ;
; UNDERFLOW_CHECKING      ; ON          ; Untyped                                                        ;
; OVERFLOW_CHECKING       ; ON          ; Untyped                                                        ;
; USE_EAB                 ; ON          ; Untyped                                                        ;
; ADD_RAM_OUTPUT_REGISTER ; OFF         ; Untyped                                                        ;
; ENABLE_ECC              ; FALSE       ; Untyped                                                        ;
; DELAY_RDUSEDW           ; 1           ; Untyped                                                        ;
; DELAY_WRUSEDW           ; 1           ; Untyped                                                        ;
; RDSYNC_DELAYPIPE        ; 4           ; Signed Integer                                                 ;
; WRSYNC_DELAYPIPE        ; 4           ; Signed Integer                                                 ;
; CLOCKS_ARE_SYNCHRONIZED ; FALSE       ; Untyped                                                        ;
; MAXIMIZE_SPEED          ; 5           ; Untyped                                                        ;
; DEVICE_FAMILY           ; Cyclone V   ; Untyped                                                        ;
; ADD_USEDW_MSB_BIT       ; OFF         ; Untyped                                                        ;
; WRITE_ACLR_SYNCH        ; OFF         ; Untyped                                                        ;
; READ_ACLR_SYNCH         ; OFF         ; Untyped                                                        ;
; CBXI_PARAMETER          ; dcfifo_1rk1 ; Untyped                                                        ;
+-------------------------+-------------+----------------------------------------------------------------+
Note: In order to hide this table in the UI and the text report file, please set the "Show Parameter Settings in Synthesis Report" option in "Analysis and Synthesis Settings -> More Settings" to "Off".


+-------------------------------+
; Analysis & Synthesis Messages ;
+-------------------------------+
Info: *******************************************************************
Info: Running Quartus Prime Analysis & Synthesis
    Info: Version 23.1std.1 Build 993 05/14/2024 SC Lite Edition
    Info: Processing started: Sun Feb  9 16:26:25 2025
Info: Command: quartus_map --read_settings_files=on --write_settings_files=off FACE -c FACE
Warning (18236): Number of processors has not been specified which may cause overloading on shared machines.  Set the global assignment NUM_PARALLEL_PROCESSORS in your QSF to an appropriate value for best performance.
Info (20030): Parallel compilation is enabled and will use 16 of the 16 processors detected
Info (12021): Found 1 design units, including 1 entities, in source file /users/gamin/documents/1georgia tech/senior design/spectronet/fpga/src/verilog/adc_interface.sv
    Info (12023): Found entity 1: adc_interface File: C:/Users/gamin/Documents/1Georgia Tech/Senior Design/SpectroNet/fpga/src/verilog/adc_interface.sv Line: 1
Info (12021): Found 0 design units, including 0 entities, in source file /users/gamin/documents/1georgia tech/senior design/spectronet/fpga/src/verilog/face_top_pkg.sv
Info (12021): Found 1 design units, including 1 entities, in source file /users/gamin/documents/1georgia tech/senior design/spectronet/fpga/src/verilog/face_top.sv
    Info (12023): Found entity 1: face_top File: C:/Users/gamin/Documents/1Georgia Tech/Senior Design/SpectroNet/fpga/src/verilog/face_top.sv Line: 1
Info (12021): Found 1 design units, including 1 entities, in source file pll_main.v
    Info (12023): Found entity 1: pll_main File: C:/Users/gamin/Documents/1Georgia Tech/Senior Design/SpectroNet/fpga/src/Quartus/pll_main.v Line: 8
Info (12021): Found 1 design units, including 1 entities, in source file pll_main/pll_main_0002.v
    Info (12023): Found entity 1: pll_main_0002 File: C:/Users/gamin/Documents/1Georgia Tech/Senior Design/SpectroNet/fpga/src/Quartus/pll_main/pll_main_0002.v Line: 2
Info (12021): Found 1 design units, including 1 entities, in source file face.bdf
    Info (12023): Found entity 1: FACE
Info (12021): Found 1 design units, including 1 entities, in source file adc_shiftreg.v
    Info (12023): Found entity 1: adc_shiftreg File: C:/Users/gamin/Documents/1Georgia Tech/Senior Design/SpectroNet/fpga/src/Quartus/adc_shiftreg.v Line: 40
Info (12021): Found 1 design units, including 1 entities, in source file adc_fifo.v
    Info (12023): Found entity 1: adc_fifo File: C:/Users/gamin/Documents/1Georgia Tech/Senior Design/SpectroNet/fpga/src/Quartus/adc_fifo.v Line: 40
Info (12127): Elaborating entity "FACE" for the top level hierarchy
Warning (275043): Pin "I2C_SDA" is missing source
Warning (275043): Pin "I2C_SCL" is missing source
Info (12128): Elaborating entity "pll_main" for hierarchy "pll_main:inst1"
Info (12128): Elaborating entity "pll_main_0002" for hierarchy "pll_main:inst1|pll_main_0002:pll_main_inst" File: C:/Users/gamin/Documents/1Georgia Tech/Senior Design/SpectroNet/fpga/src/Quartus/pll_main.v Line: 22
Info (12128): Elaborating entity "altera_pll" for hierarchy "pll_main:inst1|pll_main_0002:pll_main_inst|altera_pll:altera_pll_i" File: C:/Users/gamin/Documents/1Georgia Tech/Senior Design/SpectroNet/fpga/src/Quartus/pll_main/pll_main_0002.v Line: 88
Info (10008): Verilog HDL or VHDL information: EDA Netlist Writer cannot regroup multidimensional array "wire_to_nowhere_64" into its bus
Info (12130): Elaborated megafunction instantiation "pll_main:inst1|pll_main_0002:pll_main_inst|altera_pll:altera_pll_i" File: C:/Users/gamin/Documents/1Georgia Tech/Senior Design/SpectroNet/fpga/src/Quartus/pll_main/pll_main_0002.v Line: 88
Info (12133): Instantiated megafunction "pll_main:inst1|pll_main_0002:pll_main_inst|altera_pll:altera_pll_i" with the following parameter: File: C:/Users/gamin/Documents/1Georgia Tech/Senior Design/SpectroNet/fpga/src/Quartus/pll_main/pll_main_0002.v Line: 88
    Info (12134): Parameter "fractional_vco_multiplier" = "false"
    Info (12134): Parameter "reference_clock_frequency" = "100.0 MHz"
    Info (12134): Parameter "operation_mode" = "direct"
    Info (12134): Parameter "number_of_clocks" = "2"
    Info (12134): Parameter "output_clock_frequency0" = "100.000000 MHz"
    Info (12134): Parameter "phase_shift0" = "0 ps"
    Info (12134): Parameter "duty_cycle0" = "50"
    Info (12134): Parameter "output_clock_frequency1" = "100.000000 MHz"
    Info (12134): Parameter "phase_shift1" = "0 ps"
    Info (12134): Parameter "duty_cycle1" = "50"
    Info (12134): Parameter "output_clock_frequency2" = "0 MHz"
    Info (12134): Parameter "phase_shift2" = "0 ps"
    Info (12134): Parameter "duty_cycle2" = "50"
    Info (12134): Parameter "output_clock_frequency3" = "0 MHz"
    Info (12134): Parameter "phase_shift3" = "0 ps"
    Info (12134): Parameter "duty_cycle3" = "50"
    Info (12134): Parameter "output_clock_frequency4" = "0 MHz"
    Info (12134): Parameter "phase_shift4" = "0 ps"
    Info (12134): Parameter "duty_cycle4" = "50"
    Info (12134): Parameter "output_clock_frequency5" = "0 MHz"
    Info (12134): Parameter "phase_shift5" = "0 ps"
    Info (12134): Parameter "duty_cycle5" = "50"
    Info (12134): Parameter "output_clock_frequency6" = "0 MHz"
    Info (12134): Parameter "phase_shift6" = "0 ps"
    Info (12134): Parameter "duty_cycle6" = "50"
    Info (12134): Parameter "output_clock_frequency7" = "0 MHz"
    Info (12134): Parameter "phase_shift7" = "0 ps"
    Info (12134): Parameter "duty_cycle7" = "50"
    Info (12134): Parameter "output_clock_frequency8" = "0 MHz"
    Info (12134): Parameter "phase_shift8" = "0 ps"
    Info (12134): Parameter "duty_cycle8" = "50"
    Info (12134): Parameter "output_clock_frequency9" = "0 MHz"
    Info (12134): Parameter "phase_shift9" = "0 ps"
    Info (12134): Parameter "duty_cycle9" = "50"
    Info (12134): Parameter "output_clock_frequency10" = "0 MHz"
    Info (12134): Parameter "phase_shift10" = "0 ps"
    Info (12134): Parameter "duty_cycle10" = "50"
    Info (12134): Parameter "output_clock_frequency11" = "0 MHz"
    Info (12134): Parameter "phase_shift11" = "0 ps"
    Info (12134): Parameter "duty_cycle11" = "50"
    Info (12134): Parameter "output_clock_frequency12" = "0 MHz"
    Info (12134): Parameter "phase_shift12" = "0 ps"
    Info (12134): Parameter "duty_cycle12" = "50"
    Info (12134): Parameter "output_clock_frequency13" = "0 MHz"
    Info (12134): Parameter "phase_shift13" = "0 ps"
    Info (12134): Parameter "duty_cycle13" = "50"
    Info (12134): Parameter "output_clock_frequency14" = "0 MHz"
    Info (12134): Parameter "phase_shift14" = "0 ps"
    Info (12134): Parameter "duty_cycle14" = "50"
    Info (12134): Parameter "output_clock_frequency15" = "0 MHz"
    Info (12134): Parameter "phase_shift15" = "0 ps"
    Info (12134): Parameter "duty_cycle15" = "50"
    Info (12134): Parameter "output_clock_frequency16" = "0 MHz"
    Info (12134): Parameter "phase_shift16" = "0 ps"
    Info (12134): Parameter "duty_cycle16" = "50"
    Info (12134): Parameter "output_clock_frequency17" = "0 MHz"
    Info (12134): Parameter "phase_shift17" = "0 ps"
    Info (12134): Parameter "duty_cycle17" = "50"
    Info (12134): Parameter "pll_type" = "General"
    Info (12134): Parameter "pll_subtype" = "General"
Info (12128): Elaborating entity "adc_interface" for hierarchy "adc_interface:inst3"
Info (12128): Elaborating entity "adc_shiftreg" for hierarchy "adc_interface:inst3|adc_shiftreg:serialize" File: C:/Users/gamin/Documents/1Georgia Tech/Senior Design/SpectroNet/fpga/src/verilog/adc_interface.sv Line: 26
Info (12128): Elaborating entity "lpm_shiftreg" for hierarchy "adc_interface:inst3|adc_shiftreg:serialize|lpm_shiftreg:LPM_SHIFTREG_component" File: C:/Users/gamin/Documents/1Georgia Tech/Senior Design/SpectroNet/fpga/src/Quartus/adc_shiftreg.v Line: 67
Info (12130): Elaborated megafunction instantiation "adc_interface:inst3|adc_shiftreg:serialize|lpm_shiftreg:LPM_SHIFTREG_component" File: C:/Users/gamin/Documents/1Georgia Tech/Senior Design/SpectroNet/fpga/src/Quartus/adc_shiftreg.v Line: 67
Info (12133): Instantiated megafunction "adc_interface:inst3|adc_shiftreg:serialize|lpm_shiftreg:LPM_SHIFTREG_component" with the following parameter: File: C:/Users/gamin/Documents/1Georgia Tech/Senior Design/SpectroNet/fpga/src/Quartus/adc_shiftreg.v Line: 67
    Info (12134): Parameter "lpm_direction" = "LEFT"
    Info (12134): Parameter "lpm_type" = "LPM_SHIFTREG"
    Info (12134): Parameter "lpm_width" = "16"
Info (12128): Elaborating entity "adc_fifo" for hierarchy "adc_interface:inst3|adc_fifo:fifo" File: C:/Users/gamin/Documents/1Georgia Tech/Senior Design/SpectroNet/fpga/src/verilog/adc_interface.sv Line: 38
Info (12128): Elaborating entity "dcfifo" for hierarchy "adc_interface:inst3|adc_fifo:fifo|dcfifo:dcfifo_component" File: C:/Users/gamin/Documents/1Georgia Tech/Senior Design/SpectroNet/fpga/src/Quartus/adc_fifo.v Line: 76
Info (12130): Elaborated megafunction instantiation "adc_interface:inst3|adc_fifo:fifo|dcfifo:dcfifo_component" File: C:/Users/gamin/Documents/1Georgia Tech/Senior Design/SpectroNet/fpga/src/Quartus/adc_fifo.v Line: 76
Info (12133): Instantiated megafunction "adc_interface:inst3|adc_fifo:fifo|dcfifo:dcfifo_component" with the following parameter: File: C:/Users/gamin/Documents/1Georgia Tech/Senior Design/SpectroNet/fpga/src/Quartus/adc_fifo.v Line: 76
    Info (12134): Parameter "intended_device_family" = "Cyclone V"
    Info (12134): Parameter "lpm_numwords" = "4"
    Info (12134): Parameter "lpm_showahead" = "OFF"
    Info (12134): Parameter "lpm_type" = "dcfifo"
    Info (12134): Parameter "lpm_width" = "16"
    Info (12134): Parameter "lpm_widthu" = "2"
    Info (12134): Parameter "overflow_checking" = "ON"
    Info (12134): Parameter "rdsync_delaypipe" = "4"
    Info (12134): Parameter "underflow_checking" = "ON"
    Info (12134): Parameter "use_eab" = "ON"
    Info (12134): Parameter "wrsync_delaypipe" = "4"
Info (12021): Found 1 design units, including 1 entities, in source file db/dcfifo_1rk1.tdf
    Info (12023): Found entity 1: dcfifo_1rk1 File: C:/Users/gamin/Documents/1Georgia Tech/Senior Design/SpectroNet/fpga/src/Quartus/db/dcfifo_1rk1.tdf Line: 37
Info (12128): Elaborating entity "dcfifo_1rk1" for hierarchy "adc_interface:inst3|adc_fifo:fifo|dcfifo:dcfifo_component|dcfifo_1rk1:auto_generated" File: c:/intelfpga/23.1std/quartus/libraries/megafunctions/dcfifo.tdf Line: 191
Info (12021): Found 1 design units, including 1 entities, in source file db/a_graycounter_7g6.tdf
    Info (12023): Found entity 1: a_graycounter_7g6 File: C:/Users/gamin/Documents/1Georgia Tech/Senior Design/SpectroNet/fpga/src/Quartus/db/a_graycounter_7g6.tdf Line: 25
Info (12128): Elaborating entity "a_graycounter_7g6" for hierarchy "adc_interface:inst3|adc_fifo:fifo|dcfifo:dcfifo_component|dcfifo_1rk1:auto_generated|a_graycounter_7g6:rdptr_g1p" File: C:/Users/gamin/Documents/1Georgia Tech/Senior Design/SpectroNet/fpga/src/Quartus/db/dcfifo_1rk1.tdf Line: 48
Info (12021): Found 1 design units, including 1 entities, in source file db/a_graycounter_3ub.tdf
    Info (12023): Found entity 1: a_graycounter_3ub File: C:/Users/gamin/Documents/1Georgia Tech/Senior Design/SpectroNet/fpga/src/Quartus/db/a_graycounter_3ub.tdf Line: 25
Info (12128): Elaborating entity "a_graycounter_3ub" for hierarchy "adc_interface:inst3|adc_fifo:fifo|dcfifo:dcfifo_component|dcfifo_1rk1:auto_generated|a_graycounter_3ub:wrptr_g1p" File: C:/Users/gamin/Documents/1Georgia Tech/Senior Design/SpectroNet/fpga/src/Quartus/db/dcfifo_1rk1.tdf Line: 49
Info (12021): Found 1 design units, including 1 entities, in source file db/altsyncram_6ia1.tdf
    Info (12023): Found entity 1: altsyncram_6ia1 File: C:/Users/gamin/Documents/1Georgia Tech/Senior Design/SpectroNet/fpga/src/Quartus/db/altsyncram_6ia1.tdf Line: 28
Info (12128): Elaborating entity "altsyncram_6ia1" for hierarchy "adc_interface:inst3|adc_fifo:fifo|dcfifo:dcfifo_component|dcfifo_1rk1:auto_generated|altsyncram_6ia1:fifo_ram" File: C:/Users/gamin/Documents/1Georgia Tech/Senior Design/SpectroNet/fpga/src/Quartus/db/dcfifo_1rk1.tdf Line: 50
Info (12021): Found 1 design units, including 1 entities, in source file db/alt_synch_pipe_b9l.tdf
    Info (12023): Found entity 1: alt_synch_pipe_b9l File: C:/Users/gamin/Documents/1Georgia Tech/Senior Design/SpectroNet/fpga/src/Quartus/db/alt_synch_pipe_b9l.tdf Line: 27
Info (12128): Elaborating entity "alt_synch_pipe_b9l" for hierarchy "adc_interface:inst3|adc_fifo:fifo|dcfifo:dcfifo_component|dcfifo_1rk1:auto_generated|alt_synch_pipe_b9l:rs_dgwp" File: C:/Users/gamin/Documents/1Georgia Tech/Senior Design/SpectroNet/fpga/src/Quartus/db/dcfifo_1rk1.tdf Line: 57
Info (12021): Found 1 design units, including 1 entities, in source file db/dffpipe_su8.tdf
    Info (12023): Found entity 1: dffpipe_su8 File: C:/Users/gamin/Documents/1Georgia Tech/Senior Design/SpectroNet/fpga/src/Quartus/db/dffpipe_su8.tdf Line: 25
Info (12128): Elaborating entity "dffpipe_su8" for hierarchy "adc_interface:inst3|adc_fifo:fifo|dcfifo:dcfifo_component|dcfifo_1rk1:auto_generated|alt_synch_pipe_b9l:rs_dgwp|dffpipe_su8:dffpipe10" File: C:/Users/gamin/Documents/1Georgia Tech/Senior Design/SpectroNet/fpga/src/Quartus/db/alt_synch_pipe_b9l.tdf Line: 34
Info (12021): Found 1 design units, including 1 entities, in source file db/alt_synch_pipe_c9l.tdf
    Info (12023): Found entity 1: alt_synch_pipe_c9l File: C:/Users/gamin/Documents/1Georgia Tech/Senior Design/SpectroNet/fpga/src/Quartus/db/alt_synch_pipe_c9l.tdf Line: 27
Info (12128): Elaborating entity "alt_synch_pipe_c9l" for hierarchy "adc_interface:inst3|adc_fifo:fifo|dcfifo:dcfifo_component|dcfifo_1rk1:auto_generated|alt_synch_pipe_c9l:ws_dgrp" File: C:/Users/gamin/Documents/1Georgia Tech/Senior Design/SpectroNet/fpga/src/Quartus/db/dcfifo_1rk1.tdf Line: 58
Info (12021): Found 1 design units, including 1 entities, in source file db/dffpipe_tu8.tdf
    Info (12023): Found entity 1: dffpipe_tu8 File: C:/Users/gamin/Documents/1Georgia Tech/Senior Design/SpectroNet/fpga/src/Quartus/db/dffpipe_tu8.tdf Line: 25
Info (12128): Elaborating entity "dffpipe_tu8" for hierarchy "adc_interface:inst3|adc_fifo:fifo|dcfifo:dcfifo_component|dcfifo_1rk1:auto_generated|alt_synch_pipe_c9l:ws_dgrp|dffpipe_tu8:dffpipe13" File: C:/Users/gamin/Documents/1Georgia Tech/Senior Design/SpectroNet/fpga/src/Quartus/db/alt_synch_pipe_c9l.tdf Line: 34
Info (12021): Found 1 design units, including 1 entities, in source file db/cmpr_ru5.tdf
    Info (12023): Found entity 1: cmpr_ru5 File: C:/Users/gamin/Documents/1Georgia Tech/Senior Design/SpectroNet/fpga/src/Quartus/db/cmpr_ru5.tdf Line: 23
Info (12128): Elaborating entity "cmpr_ru5" for hierarchy "adc_interface:inst3|adc_fifo:fifo|dcfifo:dcfifo_component|dcfifo_1rk1:auto_generated|cmpr_ru5:rdempty_eq_comp" File: C:/Users/gamin/Documents/1Georgia Tech/Senior Design/SpectroNet/fpga/src/Quartus/db/dcfifo_1rk1.tdf Line: 59
Error (12009): Node "clk_12MHz" is missing source
Error: Quartus Prime Analysis & Synthesis was unsuccessful. 1 error, 3 warnings
    Error: Peak virtual memory: 4800 megabytes
    Error: Processing ended: Sun Feb  9 16:26:30 2025
    Error: Elapsed time: 00:00:05
    Error: Total CPU time (on all processors): 00:00:10


